C51 COMPILER V9.60.7.0   MAIN                                                              02/14/2025 21:42:52 PAGE 1   


C51 COMPILER V9.60.7.0, COMPILATION OF MODULE MAIN
OBJECT MODULE PLACED IN .\Objects\main.obj
COMPILER INVOKED BY: C:\Keil_v5\C51\BIN\C51.EXE main.c OPTIMIZE(8,SPEED) BROWSE DEBUG OBJECTEXTEND PRINT(.\Listings\main
                    -.lst) TABS(2) OBJECT(.\Objects\main.obj)

line level    source

   1          #include<reg52.h>
   2          #include <./assets/dht22/dht22.h>
   3          #include <./assets/TM1637/TM1637.h>
   4          //------------------------------------------------------------------------------
   5          unsigned char str[12];
   6          unsigned char sensorData[5];
   7          signed int hum, tempr;
   8          //------------------------------------------------------------------------------
   9          int main() 
  10          {      
  11   1        TM1637_init(7);
  12   1        dht22_init();
  13   1        
  14   1        while(1)
  15   1        {      
  16   2          oneWire_start();
  17   2          
  18   2          if(oneWire_getResponse())
  19   2          { 
  20   3            dht22_getSensorData(sensorData);
  21   3          }
  22   2          
  23   2          if(dht22_isChecksumInvalid(sensorData))
  24   2          {
  25   3            TM1637_displayText("Error");
  26   3          }
  27   2          else
  28   2            {
  29   3              hum = dht22_getHumidity(sensorData);
  30   3              tempr = dht22_getTemperature(sensorData);
  31   3              
  32   3              if(modeNum == 0 || modeNum == 1)
  33   3                  sprintf(str, "%5.1f°%c", calcTempr(tempr), (modeNum == 0) ? 'C' : 'F');
  34   3              else
  35   3                  if(modeNum == 2)
  36   3                      sprintf(str, "%6.1f%c", (float) hum/10, '%');
  37   3              
  38   3              TM1637_displayText(str);
  39   3            }
  40   2            __delay_ms(100);
  41   2        }
  42   1      }
  43          //------------------------------------------------------------------------------


MODULE INFORMATION:   STATIC OVERLAYABLE
   CODE SIZE        =   1066    ----
   CONSTANT SIZE    =     28    ----
   XDATA SIZE       =   ----    ----
   PDATA SIZE       =   ----    ----
   DATA SIZE        =     46      46
   IDATA SIZE       =   ----    ----
   BIT SIZE         =   ----    ----
END OF MODULE INFORMATION.

C51 COMPILER V9.60.7.0   MAIN                                                              02/14/2025 21:42:52 PAGE 2   


C51 COMPILATION COMPLETE.  0 WARNING(S),  0 ERROR(S)
