C51 COMPILER V9.60.7.0   MAIN                                                              01/20/2025 11:27:07 PAGE 1   


C51 COMPILER V9.60.7.0, COMPILATION OF MODULE MAIN
OBJECT MODULE PLACED IN .\Objects\main.obj
COMPILER INVOKED BY: C:\Keil_v5\C51\BIN\C51.EXE main.c OPTIMIZE(8,SPEED) BROWSE DEBUG OBJECTEXTEND PRINT(.\Listings\main
                    -.lst) TABS(2) OBJECT(.\Objects\main.obj)

line level    source

   1          #include<reg52.h>
   2          #include <stdio.h>
   3          #include <string.h>
   4          #include <./assets/mcp9800/mcp9800.h>
   5          #include <./assets/ht16k33/ht16k33.h>
   6          //------------------------------------------------------------------------------
   7          unsigned char addr = 0x90; // Temperature sensor device Address
   8          char str[12];
   9          int tempr;
  10          //------------------------------------------------------------------------------
  11          int main() 
  12          {       
  13   1        ht16k33_init();
  14   1        mcp9800_init(addr, RES12_BIT); 
  15   1      
  16   1        while(1)
  17   1        { 
  18   2          tempr = mcp9800_read(addr, TEMP_REG);
  19   2          
  20   2          sprintf(str, "%7.3f°%c", toFloat(tempr), (tempMode == 0) ? 'c' : 'f');
  21   2          ht16k33_displayNumText(str);
  22   2          __delay_ms(100);
  23   2        }
  24   1      }
  25          //------------------------------------------------------------------------------


MODULE INFORMATION:   STATIC OVERLAYABLE
   CODE SIZE        =    908    ----
   CONSTANT SIZE    =     14    ----
   XDATA SIZE       =   ----    ----
   PDATA SIZE       =   ----    ----
   DATA SIZE        =     45      36
   IDATA SIZE       =   ----    ----
   BIT SIZE         =      1    ----
END OF MODULE INFORMATION.


C51 COMPILATION COMPLETE.  0 WARNING(S),  0 ERROR(S)
